C - 3 - 3
M - 1 - 1
# {A comme Aventurier} - {Nom de l’aventurier} - {Axe horizontal} - {Axe vertical} - {Orientation} - {Nb. trésors ramassés}
A - Dumbo - 2 - 2 - S - 1